Dump	Hardware Excerpt:
Dump	Arch: ppc64
Dump	
Dump	Proposal Settings Excerpt:
Dump	LVM
Dump	Encrypt
Dump	Separate Home
Dump	
Dump	Proposal:
Dump	Create PReP volume /dev/sda1 (7.84 MiB)
Dump	Create boot volume /dev/sda2 (400.06 MiB) with ext4
Dump	Create encrypted volume /dev/sda3 (297.69 GiB)
Dump	Create volume group system (297.68 GiB) from /dev/sda3 [destructive]
Dump	Create logical volume /dev/system/home (50.00 GiB) for /home with xfs
Dump	Create root volume /dev/system/root (20.00 GiB) with btrfs
Dump	Create swap logical volume /dev/system/swap (768.00 MiB)
Dump	Create subvolume opt on device /dev/system/root
Dump	Create subvolume srv on device /dev/system/root
Dump	Create subvolume tmp on device /dev/system/root
Dump	Create subvolume usr/local on device /dev/system/root
Dump	Create subvolume var/crash on device /dev/system/root
Dump	Create subvolume var/lib/libvirt/images on device /dev/system/root with option "no copy on write"
Dump	Create subvolume var/lib/mailman on device /dev/system/root
Dump	Create subvolume var/lib/mariadb on device /dev/system/root with option "no copy on write"
Dump	Create subvolume var/lib/named on device /dev/system/root
Dump	Create subvolume var/lib/pgsql on device /dev/system/root with option "no copy on write"
Dump	Create subvolume var/log on device /dev/system/root
Dump	Create subvolume var/opt on device /dev/system/root
Dump	Create subvolume var/spool on device /dev/system/root
Dump	Create subvolume var/tmp on device /dev/system/root
Dump	
Dump	Target Map Excerpt:
Dump	device:/dev/sda label:msdos
Dump	device:/dev/sda1 fsid:0x41
Dump	device:/dev/sda2 fsid:0x83
Dump	device:/dev/sda3 fsid:0x8e
Dump	device:/dev/system/root
Dump	device:/dev/system/swap
Dump	device:/dev/system/home
Dump	
Dump	Proposal Feedback:
Dump	Cound not do snapshots.
