Dump	Proposal:
Dump	Create PReP volume /dev/sda1 (7.84 MiB)
Dump	Create swap volume /dev/sda2 (2.01 GiB)
Dump	Create root volume /dev/sda3 (40.00 GiB) with btrfs
Dump	Create volume /dev/sda4 (256.07 GiB) for /home with xfs
Dump	Create subvolume boot/grub2/power-ieee1275 on device /dev/sda3
Dump	Create subvolume opt on device /dev/sda3
Dump	Create subvolume srv on device /dev/sda3
Dump	Create subvolume tmp on device /dev/sda3
Dump	Create subvolume usr/local on device /dev/sda3
Dump	Create subvolume var/crash on device /dev/sda3
Dump	Create subvolume var/lib/mailman on device /dev/sda3
Dump	Create subvolume var/lib/named on device /dev/sda3
Dump	Create subvolume var/lib/pgqsl on device /dev/sda3
Dump	Create subvolume var/log on device /dev/sda3
Dump	Create subvolume var/opt on device /dev/sda3
Dump	Create subvolume var/spool on device /dev/sda3
Dump	Create subvolume var/tmp on device /dev/sda3
Dump	
Dump	Target Map Excerpt:
Dump	device:/dev/sda label:msdos
Dump	device:/dev/sda1 fsid:0x41
Dump	device:/dev/sda2 fsid:0x82
Dump	device:/dev/sda3 fsid:0x83 userdata:{"/"=>"snapshots"}
Dump	device:/dev/sda4 fsid:0x83
