Dump	Proposal:
Dump	Create boot volume /dev/sda1 (400.06 MiB) with ext4
Dump	Create volume /dev/sda2 (29.96 GiB)
Dump	Create volume group system (29.95 GiB) from /dev/sda2 [destructive]
Dump	Create logical volume /dev/system/home (19.45 GiB) for /home with xfs
Dump	Create root volume /dev/system/root (10.00 GiB) with btrfs
Dump	Create swap logical volume /dev/system/swap (512.00 MiB)
Dump	Create subvolume opt on device /dev/system/root
Dump	Create subvolume srv on device /dev/system/root
Dump	Create subvolume tmp on device /dev/system/root
Dump	Create subvolume usr/local on device /dev/system/root
Dump	Create subvolume var/crash on device /dev/system/root
Dump	Create subvolume var/lib/mailman on device /dev/system/root
Dump	Create subvolume var/lib/named on device /dev/system/root
Dump	Create subvolume var/lib/pgqsl on device /dev/system/root
Dump	Create subvolume var/log on device /dev/system/root
Dump	Create subvolume var/opt on device /dev/system/root
Dump	Create subvolume var/spool on device /dev/system/root
Dump	Create subvolume var/tmp on device /dev/system/root
Dump	
Dump	Target Map Excerpt:
Dump	device:/dev/sda label:msdos
Dump	device:/dev/sda1 fsid:0x83
Dump	device:/dev/sda2 fsid:0x8e
Dump	device:/dev/system/root
Dump	device:/dev/system/swap
Dump	device:/dev/system/home
